node.exe : `isModuleDeclaration` has been deprecated, please 
migrate to `isImportOrExportDeclaration`
At line:1 char:1
+ & "C:\Program Files\nodejs/node.exe" "C:\Program 
Files\nodejs/node_mo ...
+ ~~~~~~~~~~~~~~~~~~~~~~~~~~~~~~~~~~~~~~~~~~~~~~~~~~~~~~~~~~~~~~~
~~~~~~
    + CategoryInfo          : NotSpecified: (`isModuleDeclar...o 
   rtDeclaration`:String) [], RemoteException
    + FullyQualifiedErrorId : NativeCommandError
 
    at isModuleDeclaration (C:\Users\sg8\New folder\icetab\node_m
odules\@babel\types\lib\validators\generated\index.js:2793:35)
    at PluginPass.Program (C:\Users\sg8\New folder\icetab\node_mo
dules\babel-plugin-lodash\lib\index.js:102:44)
assets by status 950 KiB [1m[32m[cached][39m[22m 22 assets
Entrypoint [1mapp[39m[22m = [1m[32mvendors.js[39m[22m [1m[32mapp.js[39m[22m 2 auxiliary assets
Entrypoint [1mbackground[39m[22m = [1m[32mbackground.js[39m[22m 1 auxiliary asset
Entrypoint [1mcontent[39m[22m = [1m[32mcontent.js[39m[22m 1 auxiliary asset
Entrypoint [1mgdrive_sandbox[39m[22m = [1m[32mgdrive_sandbox.js[39m[22m 1 auxiliary asset
orphan modules 1.75 MiB [1m[33m[orphan][39m[22m 879 modules
runtime modules 5.21 KiB 16 modules
cacheable modules 643 KiB
  modules by path [1m./node_modules/lodash/*.js[39m[22m 157 KiB
    [1m./node_modules/lodash/debounce.js[39m[22m 5.96 KiB [1m[33m[built][39m[22m [1m[33m[code generated][39m[22m
    + 203 modules
  modules by path [1m./node_modules/date-fns/esm/[39m[22m 125 KiB 27 modules
  modules by path [1m./src/[39m[22m 196 KiB
    modules by path [1m./src/*.js[39m[22m 39.8 KiB 2 modules
    [1m./src/app/index.js + 18 modules[39m[22m 81.1 KiB [1m[33m[built][39m[22m [1m[33m[code generated][39m[22m [1m[33m[5 warnings][39m[22m
    [1m./src/background/index.js + 39 modules[39m[22m 75.4 KiB [1m[33m[built][39m[22m [1m[33m[code generated][39m[22m
  [1m./node_modules/regenerator-runtime/runtime.js[39m[22m 24.7 KiB [1m[33m[built][39m[22m [1m[33m[code generated][39m[22m
  [1m./node_modules/svelte/src/runtime/index.js + 18 modules[39m[22m 102 KiB [1m[33m[built][39m[22m [1m[33m[code generated][39m[22m
  [1m./node_modules/webextension-polyfill/dist/browser-polyfill.js[39m[22m 37.5 KiB [1m[33m[built][39m[22m [1m[33m[code generated][39m[22m
  [1m./node_modules/@babel/runtime/helpers/esm/typeof.js[39m[22m 366 bytes [1m[33m[built][39m[22m [1m[33m[code generated][39m[22m

[1m[33mWARNING[39m[22m in [1m./src/app/component/main/Drawer.svelte[39m[22m
[1mModule Warning (from ./node_modules/svelte-loader/index.js):
A11y: <div> with click handler [1m[33mmust[39m[22m[1m have an ARIA role (17:2)
15: 
16: {#if open}
17:   <div class="overlay" on:click={() => (open = false)} transition:fade></div>
      ^
18:   <aside class="drawer" transition:fly={{ x: -300, duration: 300 }}>
19:     <nav>
[39m[22m
 @ ./src/app/App.svelte 33:0-52 125:14-20
 @ ./src/app/index.js 2:0-31 12:18-21

[1m[33mWARNING[39m[22m in [1m./src/app/component/main/Drawer.svelte[39m[22m
[1mModule Warning (from ./node_modules/svelte-loader/index.js):
A11y: visible, non-interactive elements with an on:click event [1m[33mmust[39m[22m[1m be accompanied by a keyboard event handler. Consider whether an interactive element such as <button type="button"> or <a> might be more appropriate. See https://svelte.dev/docs/accessibility-warnings#a11y-click-events-have-key-events for more details. (17:2)
15: 
16: {#if open}
17:   <div class="overlay" on:click={() => (open = false)} transition:fade></div>
      ^
18:   <aside class="drawer" transition:fly={{ x: -300, duration: 300 }}>
19:     <nav>
[39m[22m
 @ ./src/app/App.svelte 33:0-52 125:14-20
 @ ./src/app/index.js 2:0-31 12:18-21

[1m[33mWARNING[39m[22m in [1m./src/app/page/main/DetailList.svelte[39m[22m
[1mModule Warning (from ./node_modules/svelte-loader/index.js):
A11y: <div> with click handler [1m[33mmust[39m[22m[1m have an ARIA role (58:8)
56:         animate:flip={{ duration: 300 }}
57:       >
58:         <div class="card-header" on:click={() => toggleExpand(list._id)}>
            ^
59:           <div class="header-main">
60:             <span
[39m[22m
 @ ./src/app/App.svelte 30:0-55 39:18-28
 @ ./src/app/index.js 2:0-31 12:18-21

[1m[33mWARNING[39m[22m in [1m./src/app/page/main/DetailList.svelte[39m[22m
[1mModule Warning (from ./node_modules/svelte-loader/index.js):
A11y: visible, non-interactive elements with an on:click event [1m[33mmust[39m[22m[1m be accompanied by a keyboard event handler. Consider whether an interactive element such as <button type="button"> or <a> might be more appropriate. See https://svelte.dev/docs/accessibility-warnings#a11y-click-events-have-key-events for more details. (58:8)
56:         animate:flip={{ duration: 300 }}
57:       >
58:         <div class="card-header" on:click={() => toggleExpand(list._id)}>
            ^
59:           <div class="header-main">
60:             <span
[39m[22m
 @ ./src/app/App.svelte 30:0-55 39:18-28
 @ ./src/app/index.js 2:0-31 12:18-21

[1m[33mWARNING[39m[22m in [1m./src/app/page/main/DetailList.svelte[39m[22m
[1mModule Warning (from ./node_modules/svelte-loader/index.js):
DetailList has unused export property 'title'. If it is for external reference only, please consider using `export const title` (3:13)
1: <script>
2:   export let lists = [];
3:   export let title = "Tab Lists";
                ^
4: 
5:   import { actions, aiLoading, opts } from "../../store/syncStore";
[39m[22m
 @ ./src/app/App.svelte 30:0-55 39:18-28
 @ ./src/app/index.js 2:0-31 12:18-21

5 warnings have detailed information that is not shown.
Use 'stats.errorDetails: true' resp. '--stats-error-details' to show it.

[1m[31mERROR[39m[22m in [1m./src/app/store/syncStore.js[39m[22m [1m[32m2:0-54[39m[22m
[1mModule [1m[31mnot found[39m[22m[1m: [1m[31mError[39m[22m[1m: Can't resolve 'svelte/store' in 'C:\Users\sg8\New folder\icetab\src\app\store'[39m[22m
 @ ./src/app/App.svelte 29:0-74 242:29-34 243:29-40 244:29-40 245:29-33
 @ ./src/app/index.js 2:0-31 12:18-21

[1m[31mERROR[39m[22m in [1m./src/app/App.svelte[39m[22m [1m[32m2:0-25:25[39m[22m
[1mModule [1m[31mnot found[39m[22m[1m: [1m[31mError[39m[22m[1m: Can't resolve 'svelte/internal' in 'C:\Users\sg8\New folder\icetab\src\app'[39m[22m
 @ ./src/app/index.js 2:0-31 12:18-21

[1m[31mERROR[39m[22m in [1m./src/app/App.svelte[39m[22m [1m[32m27:0-42[39m[22m
[1mModule [1m[31mnot found[39m[22m[1m: [1m[31mError[39m[22m[1m: Can't resolve 'svelte/internal/disclose-version' in 'C:\Users\sg8\New folder\icetab\src\app'[39m[22m
 @ ./src/app/index.js 2:0-31 12:18-21

[1m[31mERROR[39m[22m in [1m./src/app/component/main/Drawer.svelte[39m[22m [1m[32m2:0-26:25[39m[22m
[1mModule [1m[31mnot found[39m[22m[1m: [1m[31mError[39m[22m[1m: Can't resolve 'svelte/internal' in 'C:\Users\sg8\New folder\icetab\src\app\component\main'[39m[22m
 @ ./src/app/App.svelte 33:0-52 125:14-20
 @ ./src/app/index.js 2:0-31 12:18-21

[1m[31mERROR[39m[22m in [1m./src/app/component/main/Drawer.svelte[39m[22m [1m[32m28:0-42[39m[22m
[1mModule [1m[31mnot found[39m[22m[1m: [1m[31mError[39m[22m[1m: Can't resolve 'svelte/internal/disclose-version' in 'C:\Users\sg8\New folder\icetab\src\app\component\main'[39m[22m
 @ ./src/app/App.svelte 33:0-52 125:14-20
 @ ./src/app/index.js 2:0-31 12:18-21

[1m[31mERROR[39m[22m in [1m./src/app/component/main/Drawer.svelte[39m[22m [1m[32m32:0-46[39m[22m
[1mModule [1m[31mnot found[39m[22m[1m: [1m[31mError[39m[22m[1m: Can't resolve 'svelte/transition' in 'C:\Users\sg8\New folder\icetab\src\app\component\main'[39m[22m
 @ ./src/app/App.svelte 33:0-52 125:14-20
 @ ./src/app/index.js 2:0-31 12:18-21

[1m[31mERROR[39m[22m in [1m./src/app/component/main/Snackbar.svelte[39m[22m [1m[32m2:0-21:25[39m[22m
[1mModule [1m[31mnot found[39m[22m[1m: [1m[31mError[39m[22m[1m: Can't resolve 'svelte/internal' in 'C:\Users\sg8\New folder\icetab\src\app\component\main'[39m[22m
 @ ./src/app/App.svelte 31:0-56 138:16-24
 @ ./src/app/index.js 2:0-31 12:18-21

[1m[31mERROR[39m[22m in [1m./src/app/component/main/Snackbar.svelte[39m[22m [1m[32m23:0-42[39m[22m
[1mModule [1m[31mnot found[39m[22m[1m: [1m[31mError[39m[22m[1m: Can't resolve 'svelte/internal/disclose-version' in 'C:\Users\sg8\New folder\icetab\src\app\component\main'[39m[22m
 @ ./src/app/App.svelte 31:0-56 138:16-24
 @ ./src/app/index.js 2:0-31 12:18-21

[1m[31mERROR[39m[22m in [1m./src/app/component/main/Snackbar.svelte[39m[22m [1m[32m25:0-41[39m[22m
[1mModule [1m[31mnot found[39m[22m[1m: [1m[31mError[39m[22m[1m: Can't resolve 'svelte/transition' in 'C:\Users\sg8\New folder\icetab\src\app\component\main'[39m[22m
 @ ./src/app/App.svelte 31:0-56 138:16-24
 @ ./src/app/index.js 2:0-31 12:18-21

[1m[31mERROR[39m[22m in [1m./src/app/component/main/Toolbar.svelte[39m[22m [1m[32m2:0-17:25[39m[22m
[1mModule [1m[31mnot found[39m[22m[1m: [1m[31mError[39m[22m[1m: Can't resolve 'svelte/internal' in 'C:\Users\sg8\New folder\icetab\src\app\component\main'[39m[22m
 @ ./src/app/App.svelte 32:0-54 112:15-22
 @ ./src/app/index.js 2:0-31 12:18-21

[1m[31mERROR[39m[22m in [1m./src/app/component/main/Toolbar.svelte[39m[22m [1m[32m19:0-42[39m[22m
[1mModule [1m[31mnot found[39m[22m[1m: [1m[31mError[39m[22m[1m: Can't resolve 'svelte/internal/disclose-version' in 'C:\Users\sg8\New folder\icetab\src\app\component\main'[39m[22m
 @ ./src/app/App.svelte 32:0-54 112:15-22
 @ ./src/app/index.js 2:0-31 12:18-21

[1m[31mERROR[39m[22m in [1m./src/app/page/main/DetailList.svelte[39m[22m [1m[32m2:0-35:25[39m[22m
[1mModule [1m[31mnot found[39m[22m[1m: [1m[31mError[39m[22m[1m: Can't resolve 'svelte/internal' in 'C:\Users\sg8\New folder\icetab\src\app\page\main'[39m[22m
 @ ./src/app/App.svelte 30:0-55 39:18-28
 @ ./src/app/index.js 2:0-31 12:18-21

[1m[31mERROR[39m[22m in [1m./src/app/page/main/DetailList.svelte[39m[22m [1m[32m37:0-42[39m[22m
[1mModule [1m[31mnot found[39m[22m[1m: [1m[31mError[39m[22m[1m: Can't resolve 'svelte/internal/disclose-version' in 'C:\Users\sg8\New folder\icetab\src\app\page\main'[39m[22m
 @ ./src/app/App.svelte 30:0-55 39:18-28
 @ ./src/app/index.js 2:0-31 12:18-21

[1m[31mERROR[39m[22m in [1m./src/app/page/main/DetailList.svelte[39m[22m [1m[32m41:0-38[39m[22m
[1mModule [1m[31mnot found[39m[22m[1m: [1m[31mError[39m[22m[1m: Can't resolve 'svelte/animate' in 'C:\Users\sg8\New folder\icetab\src\app\page\main'[39m[22m
 @ ./src/app/App.svelte 30:0-55 39:18-28
 @ ./src/app/index.js 2:0-31 12:18-21

[1m[31mERROR[39m[22m in [1m./src/app/page/main/DetailList.svelte[39m[22m [1m[32m42:0-41[39m[22m
[1mModule [1m[31mnot found[39m[22m[1m: [1m[31mError[39m[22m[1m: Can't resolve 'svelte/transition' in 'C:\Users\sg8\New folder\icetab\src\app\page\main'[39m[22m
 @ ./src/app/App.svelte 30:0-55 39:18-28
 @ ./src/app/index.js 2:0-31 12:18-21

[1m[33m15 errors have detailed information that is not shown.
Use 'stats.errorDetails: true' resp. '--stats-error-details' to show it.[39m[22m

webpack 5.104.1 compiled with [1m[31m15 errors[39m[22m and [1m[33m5 warnings[39m[22m in 11081 ms
